[2026-09-09 22:52:17] [ERROR] Incorrect PIN attempt for user ID 1
[2026-09-09 22:52:39] [INFO] User ID 1 logged in successfully
[2026-09-09 22:52:39] [INFO] Session started for user 1
[2026-09-10 10:36:10] [INFO] User ID 1 logged in successfully
[2026-09-10 10:36:10] [INFO] Session started for user 1
[2026-09-10 14:42:17] [INFO] User ID 1 logged in successfully
[2026-09-10 14:42:17] [INFO] Session started for user 1
[2026-09-10 15:32:07] [INFO] User ID 1 logged in successfully
[2026-09-10 15:32:07] [INFO] Session started for user 1
[2026-09-10 15:40:18] [ERROR] Incorrect PIN attempt for user ID 2
[2026-09-10 15:41:02] [INFO] User ID 2 logged in successfully
[2026-09-10 15:41:02] [INFO] Session started for user 2
